[38;5;1m[line 3] Error: Unexpected character: '|'[0m
[38;5;1m[line 3] Error at 'b': Expect ')' after arguments.[0m
2 error(s) and 0 warning(s) occurred
