Derived.foo()
[38;5;1m[RuntimeError at line 10] Expected 2 arguments but got 4.[0m
