[38;5;1m[RuntimeError at line 9] Expected 2 arguments but got 1.[0m
