[38;5;1m[line 3] Error at 'super': Cannot use 'super' in a class with no superclass.[0m
1 error(s) and 0 warning(s) occurred
