[38;5;1m[line 8] Error at ')': Expect '.' after 'super'.[0m
1 error(s) and 0 warning(s) occurred
