[38;5;1m[line 2] Error at 'super': Cannot use 'super' outside of a class.[0m
1 error(s) and 0 warning(s) occurred
