[38;5;226m[line 2] Warning at 'a': Local variable declared but never used.[0m
[38;5;226m[line 2] Warning at 'b': Local variable declared but never used.[0m
0 error(s) and 2 warning(s) occurred
[38;5;1m[RuntimeError at line 5] Expected 2 arguments but got 1.[0m
