[38;5;1m[RuntimeError at line 3] Undefined property 'unknown'.[0m
