[38;5;1m[RuntimeError at line 3] Undefined variable 'method'.[0m
