[38;5;1m[line 2] Error at 'a': Variable with this name already declared in this scope.[0m
[38;5;226m[line 2] Warning at 'a': Local variable declared but never used.[0m
1 error(s) and 1 warning(s) occurred
