[38;5;1m[line 3] Error at 'a': Cannot read local variable in its own initializer.[0m
1 error(s) and 0 warning(s) occurred
