[38;5;226m[line 8] Warning at 'foo': Local variable declared but never used.[0m
0 error(s) and 1 warning(s) occurred
ok
