[38;5;1m[RuntimeError at line 12] Subscript not supported.[0m
