[38;5;1m[RuntimeError at line 7] Undefined variable 'err'.[0m
