[38;5;1m[line 2] Error: Unterminated string.[0m
1 error(s) and 0 warning(s) occurred
