[38;5;226m[line 2] Warning at 'i': Local variable declared but never used.[0m
0 error(s) and 1 warning(s) occurred
0
-1
after
0
