[38;5;1m[line 3] Error at '{': Expect expression.[0m
[38;5;1m[line 3] Error at ')': Expect ';' after expression.[0m
2 error(s) and 0 warning(s) occurred
