[38;5;1m[line 1] Error at 'break': 'break' outside loop.[0m
1 error(s) and 0 warning(s) occurred
