[38;5;1m[line 3] Error at '=': Invalid assignment target.[0m
1 error(s) and 0 warning(s) occurred
