[38;5;1m[RuntimeError at line 1] Undefined variable 'unknown'.[0m
