[38;5;1m[RuntimeError at line 3] Expected 0 arguments but got 3.[0m
