[38;5;1m[line 2] Error at '123.456': Expect ';' after expression.[0m
1 error(s) and 0 warning(s) occurred
