[38;5;1m[RuntimeError at line 3] Superclass must be a class.[0m
