[38;5;1m[RuntimeError at line 2] Superclass must be a class.[0m
