[38;5;1m[line 4] Error at '(': Expect superclass name.[0m
1 error(s) and 0 warning(s) occurred
