then clause of ?
else clause of ?
selected
selected
5 is truthy!
!5 is falsey!
