[38;5;1m[RuntimeError at line 1] Unsupported operand type(s) for +: 'LoxBool' and 'NoneType'[0m
