[38;5;226m[line 20] Warning at 'test': Property getter without return statement.[0m
0 error(s) and 1 warning(s) occurred
50.265482448
8
nil
