[38;5;1m[line 3] Error at '123': Expect '{' before function body.[0m
1 error(s) and 0 warning(s) occurred
