[38;5;1m[line 3] Error at 'c': Expect ')' after parameters.[0m
1 error(s) and 0 warning(s) occurred
