[38;5;1m[line 257] Error at 'a': Cannot have more than 255 parameters.[0m
1 error(s) and 0 warning(s) occurred
