[38;5;1m[RuntimeError at line 4] Can only call functions and classes.[0m
