[38;5;1m[RuntimeError at line 1] Can only call functions and classes.[0m
