[38;5;1m[line 5] Error at end: Expect ';' after expression.[0m
1 error(s) and 0 warning(s) occurred
