[38;5;1m[RuntimeError at line 6] Can only call functions and classes.[0m
