[38;5;1m[RuntimeError at line 1] Only instances have properties.[0m
