[38;5;1m[RuntimeError at line 3] Only instances have properties.[0m
