[38;5;1m[RuntimeError at line 2] Only instances have fields.[0m
