[38;5;1m[RuntimeError at line 1] Only instances have fields.[0m
