[38;5;1m[RuntimeError at line 1] Undefined variable 'undefined1'.[0m
